// Jest Snapshot v1, https://goo.gl/fbAQLP

exports[`test basics.md 1`] = `
<div>
  <div
    class="demo-container"
  >
    <div
      class="demo-line rotate-enter"
    />
  </div>
</div>
`;
